Removed Pin From Net: NetName=GND Pin=C1_Decaps27-2
Removed Pin From Net: NetName=GND Pin=C1_Decaps28-2
Removed Pin From Net: NetName=GND Pin=C1_Decaps29-2
Removed Pin From Net: NetName=GND Pin=C1_Decaps30-2
Removed Pin From Net: NetName=Decap_In26 Pin=J1-10
Removed Pin From Net: NetName=Decap_In25 Pin=J1-12
Removed Pin From Net: NetName=Decap_In24 Pin=J1-14
Removed Pin From Net: NetName=Decap_In23 Pin=J1-16
Removed Pin From Net: NetName=Decap_In22 Pin=J1-18
Removed Pin From Net: NetName=Decap_In21 Pin=J1-20
Removed Pin From Net: NetName=Decap_In20 Pin=J1-22
Removed Pin From Net: NetName=Decap_In19 Pin=J1-24
Removed Pin From Net: NetName=Decap_In18 Pin=J1-26
Removed Pin From Net: NetName=Decap_In14 Pin=J1-27
Removed Pin From Net: NetName=Decap_In17 Pin=J1-28
Removed Pin From Net: NetName=Decap_In15 Pin=J1-29
Removed Pin From Net: NetName=Decap_In16 Pin=J1-30
Removed Pin From Net: NetName=Package14_Package1 Pin=J2_Package1-14
Removed Pin From Net: NetName=Package15_Package1 Pin=J2_Package1-15
Removed Pin From Net: NetName=Package14_Package2 Pin=J2_Package2-14
Removed Pin From Net: NetName=Package15_Package2 Pin=J2_Package2-15
Removed Pin From Net: NetName=Package16_Package1 Pin=J3_Package1-1
Removed Pin From Net: NetName=Package17_Package1 Pin=J3_Package1-2
Removed Pin From Net: NetName=Package18_Package1 Pin=J3_Package1-3
Removed Pin From Net: NetName=Package19_Package1 Pin=J3_Package1-4
Removed Pin From Net: NetName=Package20_Package1 Pin=J3_Package1-5
Removed Pin From Net: NetName=Package21_Package1 Pin=J3_Package1-6
Removed Pin From Net: NetName=Package22_Package1 Pin=J3_Package1-7
Removed Pin From Net: NetName=Package23_Package1 Pin=J3_Package1-8
Removed Pin From Net: NetName=Package24_Package1 Pin=J3_Package1-9
Removed Pin From Net: NetName=Package25_Package1 Pin=J3_Package1-10
Removed Pin From Net: NetName=Package26_Package1 Pin=J3_Package1-11
Removed Pin From Net: NetName=Package16_Package2 Pin=J3_Package2-1
Removed Pin From Net: NetName=Package17_Package2 Pin=J3_Package2-2
Removed Pin From Net: NetName=Package18_Package2 Pin=J3_Package2-3
Removed Pin From Net: NetName=Package19_Package2 Pin=J3_Package2-4
Removed Pin From Net: NetName=Package20_Package2 Pin=J3_Package2-5
Removed Pin From Net: NetName=Package21_Package2 Pin=J3_Package2-6
Removed Pin From Net: NetName=Package22_Package2 Pin=J3_Package2-7
Removed Pin From Net: NetName=Package23_Package2 Pin=J3_Package2-8
Removed Pin From Net: NetName=Package24_Package2 Pin=J3_Package2-9
Removed Pin From Net: NetName=Package25_Package2 Pin=J3_Package2-10
Removed Pin From Net: NetName=Package26_Package2 Pin=J3_Package2-11
Removed Pin From Net: NetName=GND Pin=R2_Resistors27-2
Removed Pin From Net: NetName=GND Pin=R2_Resistors28-2
Removed Pin From Net: NetName=GND Pin=R2_Resistors29-2
Removed Pin From Net: NetName=GND Pin=R2_Resistors30-2
Removed Pin From Net: NetName=GND Pin=R2_Resistors57-2
Removed Pin From Net: NetName=GND Pin=R2_Resistors58-2
Removed Pin From Net: NetName=GND Pin=R2_Resistors59-2
Removed Pin From Net: NetName=GND Pin=R2_Resistors60-2
Removed Member From Class: ClassName=Resistors50 Member=R1_Resistors46
Removed Member From Class: ClassName=Resistors50 Member=R2_Resistors42
Change Component Designator: OldDesignator=R1_Resistors31 NewDesignator=R1_Resistors27
Change Component Designator: OldDesignator=R1_Resistors32 NewDesignator=R1_Resistors28
Change Component Designator: OldDesignator=R1_Resistors33 NewDesignator=R1_Resistors29
Change Component Designator: OldDesignator=R1_Resistors34 NewDesignator=R1_Resistors30
Change Component Designator: OldDesignator=R1_Resistors35 NewDesignator=R1_Resistors31
Change Component Designator: OldDesignator=R1_Resistors36 NewDesignator=R1_Resistors32
Change Component Designator: OldDesignator=R1_Resistors37 NewDesignator=R1_Resistors33
Change Component Designator: OldDesignator=R1_Resistors38 NewDesignator=R1_Resistors34
Change Component Designator: OldDesignator=R1_Resistors39 NewDesignator=R1_Resistors35
Change Component Designator: OldDesignator=R1_Resistors40 NewDesignator=R1_Resistors36
Change Component Designator: OldDesignator=R1_Resistors41 NewDesignator=R1_Resistors37
Change Component Designator: OldDesignator=R1_Resistors42 NewDesignator=R1_Resistors38
Change Component Designator: OldDesignator=R1_Resistors43 NewDesignator=R1_Resistors39
Change Component Designator: OldDesignator=R1_Resistors44 NewDesignator=R1_Resistors40
Change Component Designator: OldDesignator=R1_Resistors45 NewDesignator=R1_Resistors41
Change Component Designator: OldDesignator=R1_Resistors46 NewDesignator=R1_Resistors42
Change Component Designator: OldDesignator=R1_Resistors47 NewDesignator=R1_Resistors43
Change Component Designator: OldDesignator=R1_Resistors48 NewDesignator=R1_Resistors44
Change Component Designator: OldDesignator=R1_Resistors49 NewDesignator=R1_Resistors45
Change Component Designator: OldDesignator=R1_Resistors50 NewDesignator=R1_Resistors46
Change Component Designator: OldDesignator=R1_Resistors51 NewDesignator=R1_Resistors47
Change Component Designator: OldDesignator=R1_Resistors52 NewDesignator=R1_Resistors48
Change Component Designator: OldDesignator=R1_Resistors53 NewDesignator=R1_Resistors49
Change Component Designator: OldDesignator=R1_Resistors54 NewDesignator=R1_Resistors50
Change Component Designator: OldDesignator=R1_Resistors55 NewDesignator=R1_Resistors51
Change Component Designator: OldDesignator=R1_Resistors56 NewDesignator=R1_Resistors52
Change Component Designator: OldDesignator=R2_Resistors31 NewDesignator=R2_Resistors27
Change Component Designator: OldDesignator=R2_Resistors32 NewDesignator=R2_Resistors28
Change Component Designator: OldDesignator=R2_Resistors33 NewDesignator=R2_Resistors29
Change Component Designator: OldDesignator=R2_Resistors34 NewDesignator=R2_Resistors30
Change Component Designator: OldDesignator=R2_Resistors35 NewDesignator=R2_Resistors31
Change Component Designator: OldDesignator=R2_Resistors36 NewDesignator=R2_Resistors32
Change Component Designator: OldDesignator=R2_Resistors37 NewDesignator=R2_Resistors33
Change Component Designator: OldDesignator=R2_Resistors38 NewDesignator=R2_Resistors34
Change Component Designator: OldDesignator=R2_Resistors39 NewDesignator=R2_Resistors35
Change Component Designator: OldDesignator=R2_Resistors40 NewDesignator=R2_Resistors36
Change Component Designator: OldDesignator=R2_Resistors41 NewDesignator=R2_Resistors37
Change Component Designator: OldDesignator=R2_Resistors42 NewDesignator=R2_Resistors38
Change Component Designator: OldDesignator=R2_Resistors43 NewDesignator=R2_Resistors39
Change Component Designator: OldDesignator=R2_Resistors44 NewDesignator=R2_Resistors40
Change Component Designator: OldDesignator=R2_Resistors45 NewDesignator=R2_Resistors41
Change Component Designator: OldDesignator=R2_Resistors46 NewDesignator=R2_Resistors42
Change Component Designator: OldDesignator=R2_Resistors47 NewDesignator=R2_Resistors43
Change Component Designator: OldDesignator=R2_Resistors48 NewDesignator=R2_Resistors44
Change Component Designator: OldDesignator=R2_Resistors49 NewDesignator=R2_Resistors45
Change Component Designator: OldDesignator=R2_Resistors50 NewDesignator=R2_Resistors46
Change Component Designator: OldDesignator=R2_Resistors51 NewDesignator=R2_Resistors47
Change Component Designator: OldDesignator=R2_Resistors52 NewDesignator=R2_Resistors48
Change Component Designator: OldDesignator=R2_Resistors53 NewDesignator=R2_Resistors49
Change Component Designator: OldDesignator=R2_Resistors54 NewDesignator=R2_Resistors50
Change Component Designator: OldDesignator=R2_Resistors55 NewDesignator=R2_Resistors51
Change Component Designator: OldDesignator=R2_Resistors56 NewDesignator=R2_Resistors52
Added Pin To Net: NetName=GND Pin=J1-2
Added Pin To Net: NetName=GND Pin=J1-4
Added Pin To Net: NetName=Decap_In26 Pin=J1-6
Added Pin To Net: NetName=Decap_In25 Pin=J1-8
Added Pin To Net: NetName=Decap_In24 Pin=J1-10
Added Pin To Net: NetName=Decap_In23 Pin=J1-12
Added Pin To Net: NetName=Decap_In22 Pin=J1-14
Added Pin To Net: NetName=Decap_In21 Pin=J1-16
Added Pin To Net: NetName=Decap_In20 Pin=J1-18
Added Pin To Net: NetName=Decap_In19 Pin=J1-20
Added Pin To Net: NetName=Decap_In18 Pin=J1-22
Added Pin To Net: NetName=Decap_In17 Pin=J1-24
Added Pin To Net: NetName=Decap_In16 Pin=J1-26
Added Pin To Net: NetName=GND Pin=J1-27
Added Pin To Net: NetName=Decap_In15 Pin=J1-28
Added Pin To Net: NetName=GND Pin=J1-29
Added Pin To Net: NetName=Decap_In14 Pin=J1-30
Added Pin To Net: NetName=GND Pin=J2_Package1-14
Added Pin To Net: NetName=GND Pin=J2_Package1-15
Added Pin To Net: NetName=GND Pin=J2_Package2-14
Added Pin To Net: NetName=GND Pin=J2_Package2-15
Added Pin To Net: NetName=Package14_Package1 Pin=J3_Package1-1
Added Pin To Net: NetName=Package15_Package1 Pin=J3_Package1-2
Added Pin To Net: NetName=Package16_Package1 Pin=J3_Package1-3
Added Pin To Net: NetName=Package17_Package1 Pin=J3_Package1-4
Added Pin To Net: NetName=Package18_Package1 Pin=J3_Package1-5
Added Pin To Net: NetName=Package19_Package1 Pin=J3_Package1-6
Added Pin To Net: NetName=Package20_Package1 Pin=J3_Package1-7
Added Pin To Net: NetName=Package21_Package1 Pin=J3_Package1-8
Added Pin To Net: NetName=Package22_Package1 Pin=J3_Package1-9
Added Pin To Net: NetName=Package23_Package1 Pin=J3_Package1-10
Added Pin To Net: NetName=Package24_Package1 Pin=J3_Package1-11
Added Pin To Net: NetName=Package25_Package1 Pin=J3_Package1-12
Added Pin To Net: NetName=Package26_Package1 Pin=J3_Package1-13
Added Pin To Net: NetName=GND Pin=J3_Package1-14
Added Pin To Net: NetName=GND Pin=J3_Package1-15
Added Pin To Net: NetName=Package14_Package2 Pin=J3_Package2-1
Added Pin To Net: NetName=Package15_Package2 Pin=J3_Package2-2
Added Pin To Net: NetName=Package16_Package2 Pin=J3_Package2-3
Added Pin To Net: NetName=Package17_Package2 Pin=J3_Package2-4
Added Pin To Net: NetName=Package18_Package2 Pin=J3_Package2-5
Added Pin To Net: NetName=Package19_Package2 Pin=J3_Package2-6
Added Pin To Net: NetName=Package20_Package2 Pin=J3_Package2-7
Added Pin To Net: NetName=Package21_Package2 Pin=J3_Package2-8
Added Pin To Net: NetName=Package22_Package2 Pin=J3_Package2-9
Added Pin To Net: NetName=Package23_Package2 Pin=J3_Package2-10
Added Pin To Net: NetName=Package24_Package2 Pin=J3_Package2-11
Added Pin To Net: NetName=Package25_Package2 Pin=J3_Package2-12
Added Pin To Net: NetName=Package26_Package2 Pin=J3_Package2-13
Added Pin To Net: NetName=GND Pin=J3_Package2-14
Added Pin To Net: NetName=GND Pin=J3_Package2-15
Change Class Name : Old Net Name=Resistors35 New Net Name=Resistors27
Change Class Name : Old Net Name=Resistors36 New Net Name=Resistors28
Change Class Name : Old Net Name=Resistors37 New Net Name=Resistors33
Change Class Name : Old Net Name=Resistors38 New Net Name=Resistors30
Change Class Name : Old Net Name=Resistors39 New Net Name=Resistors31
Change Class Name : Old Net Name=Resistors40 New Net Name=Resistors36
Change Class Name : Old Net Name=Resistors41 New Net Name=Resistors37
Change Class Name : Old Net Name=Resistors42 New Net Name=Resistors38
Change Class Name : Old Net Name=Resistors43 New Net Name=Resistors35
Change Class Name : Old Net Name=Resistors44 New Net Name=Resistors40
Change Class Name : Old Net Name=Resistors46 New Net Name=Resistors42
Change Class Name : Old Net Name=Resistors47 New Net Name=Resistors39
Change Class Name : Old Net Name=Resistors48 New Net Name=Resistors44
Change Class Name : Old Net Name=Resistors49 New Net Name=Resistors45
Change Class Name : Old Net Name=Resistors51 New Net Name=Resistors47
Change Class Name : Old Net Name=Resistors52 New Net Name=Resistors48
Added Class: Name=Resistors41
Added Class: Name=Resistors43
Added Class: Name=Resistors46
Added Class: Name=Resistors49
Added Class: Name=Resistors51
Added Class: Name=Resistors52
Added Member To Class: ClassName=Resistors29 Member=Component R1_Resistors29 (R1) 1k
Added Member To Class: ClassName=Resistors32 Member=Component R1_Resistors32 (R1) 1k
Added Member To Class: ClassName=Resistors34 Member=Component R1_Resistors34 (R1) 1k
Added Member To Class: ClassName=Resistors50 Member=Component R1_Resistors50 (R1) 1k
Added Member To Class: ClassName=Resistors29 Member=Component R2_Resistors29 (R2) 1k
Added Member To Class: ClassName=Resistors32 Member=Component R2_Resistors32 (R2) 1k
Added Member To Class: ClassName=Resistors34 Member=Component R2_Resistors34 (R2) 1k
Added Member To Class: ClassName=Resistors50 Member=Component R2_Resistors50 (R2) 1k
