Removed Pin From Net: NetName=Pin2 Pin=C1_Decaps2-1
Removed Pin From Net: NetName=Pin2 Pin=J1-3
Removed Pin From Net: NetName=Pin1 Pin=R1_Resistors1-1
Removed Pin From Net: NetName=Pin1 Pin=R1_Resistors2-1
Removed Pin From Net: NetName=Pin1 Pin=R1_Resistors3-1
Removed Pin From Net: NetName=Pin1 Pin=R1_Resistors4-1
Removed Pin From Net: NetName=Pin1 Pin=R1_Resistors5-1
Removed Pin From Net: NetName=Pin1 Pin=R1_Resistors6-1
Removed Pin From Net: NetName=Pin1 Pin=R1_Resistors7-1
Removed Pin From Net: NetName=Pin1 Pin=R1_Resistors8-1
Removed Pin From Net: NetName=Pin1 Pin=R1_Resistors9-1
Removed Pin From Net: NetName=Pin1 Pin=R1_Resistors10-1
Removed Pin From Net: NetName=Pin1 Pin=R1_Resistors11-1
Removed Pin From Net: NetName=Pin1 Pin=R1_Resistors12-1
Removed Pin From Net: NetName=Pin1 Pin=R1_Resistors13-1
Removed Pin From Net: NetName=Pin1 Pin=R1_Resistors14-1
Removed Pin From Net: NetName=Pin1 Pin=R1_Resistors15-1
Removed Pin From Net: NetName=Pin1 Pin=R1_Resistors16-1
Removed Pin From Net: NetName=Pin1 Pin=R1_Resistors17-1
Removed Pin From Net: NetName=Pin1 Pin=R1_Resistors18-1
Removed Pin From Net: NetName=Pin1 Pin=R1_Resistors19-1
Removed Pin From Net: NetName=Pin1 Pin=R1_Resistors20-1
Removed Pin From Net: NetName=Pin1 Pin=R1_Resistors21-1
Removed Pin From Net: NetName=Pin1 Pin=R1_Resistors22-1
Removed Pin From Net: NetName=Pin1 Pin=R1_Resistors23-1
Removed Pin From Net: NetName=Pin1 Pin=R1_Resistors24-1
Removed Pin From Net: NetName=Pin1 Pin=R1_Resistors25-1
Removed Pin From Net: NetName=Pin1 Pin=R1_Resistors26-1
Removed Pin From Net: NetName=Pin1 Pin=R1_Resistors27-1
Removed Pin From Net: NetName=Pin1 Pin=R1_Resistors28-1
Removed Pin From Net: NetName=Pin1 Pin=R1_Resistors29-1
Removed Pin From Net: NetName=Pin1 Pin=R1_Resistors30-1
Added Pin To Net: NetName=Pin2 Pin=R1_Resistors1-1
Added Pin To Net: NetName=Pin2 Pin=R1_Resistors2-1
Added Pin To Net: NetName=Pin2 Pin=R1_Resistors3-1
Added Pin To Net: NetName=Pin2 Pin=R1_Resistors4-1
Added Pin To Net: NetName=Pin2 Pin=R1_Resistors5-1
Added Pin To Net: NetName=Pin2 Pin=R1_Resistors6-1
Added Pin To Net: NetName=Pin2 Pin=R1_Resistors7-1
Added Pin To Net: NetName=Pin2 Pin=R1_Resistors8-1
Added Pin To Net: NetName=Pin2 Pin=R1_Resistors9-1
Added Pin To Net: NetName=Pin2 Pin=R1_Resistors10-1
Added Pin To Net: NetName=Pin2 Pin=R1_Resistors11-1
Added Pin To Net: NetName=Pin2 Pin=R1_Resistors12-1
Added Pin To Net: NetName=Pin2 Pin=R1_Resistors13-1
Added Pin To Net: NetName=Pin2 Pin=R1_Resistors14-1
Added Pin To Net: NetName=Pin2 Pin=R1_Resistors15-1
Added Pin To Net: NetName=Pin2 Pin=R1_Resistors16-1
Added Pin To Net: NetName=Pin2 Pin=R1_Resistors17-1
Added Pin To Net: NetName=Pin2 Pin=R1_Resistors18-1
Added Pin To Net: NetName=Pin2 Pin=R1_Resistors19-1
Added Pin To Net: NetName=Pin2 Pin=R1_Resistors20-1
Added Pin To Net: NetName=Pin2 Pin=R1_Resistors21-1
Added Pin To Net: NetName=Pin2 Pin=R1_Resistors22-1
Added Pin To Net: NetName=Pin2 Pin=R1_Resistors23-1
Added Pin To Net: NetName=Pin2 Pin=R1_Resistors24-1
Added Pin To Net: NetName=Pin2 Pin=R1_Resistors25-1
Added Pin To Net: NetName=Pin2 Pin=R1_Resistors26-1
Added Pin To Net: NetName=Pin2 Pin=R1_Resistors27-1
Added Pin To Net: NetName=Pin2 Pin=R1_Resistors28-1
Added Pin To Net: NetName=Pin2 Pin=R1_Resistors29-1
Added Pin To Net: NetName=Pin2 Pin=R1_Resistors30-1
Change Net Name : Old Net Name=Pin2 New Net Name=Analyzer IO
Added Pin To Net: NetName=Pin2 Pin=C1_Decaps2-1
Added Pin To Net: NetName=Pin2 Pin=J1-3
Added Net: Name=Pin2
